// Jest Snapshot v1, https://goo.gl/fbAQLP

exports[`Test in <GifGrid /> should show the component correctly 1`] = `
<Fragment>
  <h3
    className="animate__animated animate__fadeIn"
  >
    SPIDERMAN
  </h3>
  <p
    className="animate__animated animate__flash loading"
  >
    Loading...
  </p>
  <main
    className="card-grid"
  />
</Fragment>
`;
